Godot Engine v4.3.stable.official.77dcf97d8 - https://godotengine.org

读取到的save Data:{ "meta_upgrade_currency": 0, "meta_upgrades": { "经验获取": { "quantity": 5 }, "buff_heal": { "quantity": 4 } } }
读取到的save Data:{ "meta_upgrade_currency": 0, "meta_upgrades": { "经验获取": { "quantity": 5 }, "buff_heal": { "quantity": 5 } } }
当前难度为1
9
8
7
6
当前难度为2
读取到的save Data:{ "meta_upgrade_currency": 1, "meta_upgrades": { "经验获取": { "quantity": 5 }, "buff_heal": { "quantity": 5 } } }
5
4
3
2
读取到的save Data:{ "meta_upgrade_currency": 2, "meta_upgrades": { "经验获取": { "quantity": 5 }, "buff_heal": { "quantity": 5 } } }
1
0
读取到的save Data:{ "meta_upgrade_currency": 2, "meta_upgrades": { "经验获取": { "quantity": 5 }, "buff_heal": { "quantity": 5 } } }
WARNING: ObjectDB instances leaked at exit (run with --verbose for details).
     at: cleanup (core/object/object.cpp:2284)
ERROR: 25 resources still in use at exit (run with --verbose for details).
   at: clear (core/io/resource.cpp:604)
